58.82
52.88
34.81
28.74
20.54
17.74
14.44
13.47
12.34
9.2
7.84
8.2
8.1
7.8
